c:\users\asus\desktop\todo\git programming 2\proyectofinal_labcg02\proyectofinal\proyectofinal\x64\debug\vc143.pdb
c:\users\asus\desktop\todo\git programming 2\proyectofinal_labcg02\proyectofinal\proyectofinal\x64\debug\vc143.idb
c:\users\asus\desktop\todo\git programming 2\proyectofinal_labcg02\proyectofinal\proyectofinal\x64\debug\window.obj
c:\users\asus\desktop\todo\git programming 2\proyectofinal_labcg02\proyectofinal\proyectofinal\x64\debug\proyectofinal.obj
c:\users\asus\source\repos\proyectofinal_labcg02\proyectofinal\proyectofinal\x64\debug\vc143.pdb
c:\users\asus\source\repos\proyectofinal_labcg02\proyectofinal\proyectofinal\x64\debug\vc143.idb
c:\users\asus\source\repos\proyectofinal_labcg02\proyectofinal\proyectofinal\x64\debug\window.obj
c:\users\asus\source\repos\proyectofinal_labcg02\proyectofinal\proyectofinal\x64\debug\proyectofinal.obj
c:\users\asus\source\repos\proyectofinal_labcg02\proyectofinal\proyectofinal\x64\debug\proyectofinal.ilk
c:\users\asus\source\repos\proyectofinal_labcg02\proyectofinal\proyectofinal\x64\debug\camera.obj
c:\users\asus\source\repos\proyectofinal_labcg02\proyectofinal\proyectofinal\x64\debug\directionallight.obj
c:\users\asus\source\repos\proyectofinal_labcg02\proyectofinal\proyectofinal\x64\debug\light.obj
c:\users\asus\source\repos\proyectofinal_labcg02\proyectofinal\proyectofinal\x64\debug\material.obj
c:\users\asus\source\repos\proyectofinal_labcg02\proyectofinal\proyectofinal\x64\debug\mesh_tn.obj
c:\users\asus\source\repos\proyectofinal_labcg02\proyectofinal\proyectofinal\x64\debug\model.obj
c:\users\asus\source\repos\proyectofinal_labcg02\proyectofinal\proyectofinal\x64\debug\pointlight.obj
c:\users\asus\source\repos\proyectofinal_labcg02\proyectofinal\proyectofinal\x64\debug\practica7.obj
c:\users\asus\source\repos\proyectofinal_labcg02\proyectofinal\proyectofinal\x64\debug\shader_light.obj
c:\users\asus\source\repos\proyectofinal_labcg02\proyectofinal\proyectofinal\x64\debug\shader_m.obj
c:\users\asus\source\repos\proyectofinal_labcg02\proyectofinal\proyectofinal\x64\debug\skybox.obj
c:\users\asus\source\repos\proyectofinal_labcg02\proyectofinal\proyectofinal\x64\debug\sphere.obj
c:\users\asus\source\repos\proyectofinal_labcg02\proyectofinal\proyectofinal\x64\debug\spotlight.obj
c:\users\asus\source\repos\proyectofinal_labcg02\proyectofinal\proyectofinal\x64\debug\texture.obj
c:\users\asus\source\repos\proyectofinal_labcg02\proyectofinal\proyectofinal\x64\debug\proyectofinal.pdb
c:\users\asus\source\repos\proyectofinal_labcg02\proyectofinal\x64\debug\proyectofinal.pdb
c:\users\asus\source\repos\proyectofinal_labcg02\proyectofinal\proyectofinal\x64\debug\proyectofinal.tlog\cl.command.1.tlog
c:\users\asus\source\repos\proyectofinal_labcg02\proyectofinal\proyectofinal\x64\debug\proyectofinal.tlog\cl.items.tlog
c:\users\asus\source\repos\proyectofinal_labcg02\proyectofinal\proyectofinal\x64\debug\proyectofinal.tlog\cl.read.1.tlog
c:\users\asus\source\repos\proyectofinal_labcg02\proyectofinal\proyectofinal\x64\debug\proyectofinal.tlog\cl.write.1.tlog
c:\users\asus\source\repos\proyectofinal_labcg02\proyectofinal\proyectofinal\x64\debug\proyectofinal.tlog\link-cvtres.read.1.tlog
c:\users\asus\source\repos\proyectofinal_labcg02\proyectofinal\proyectofinal\x64\debug\proyectofinal.tlog\link-cvtres.write.1.tlog
c:\users\asus\source\repos\proyectofinal_labcg02\proyectofinal\proyectofinal\x64\debug\proyectofinal.tlog\link-rc.read.1.tlog
c:\users\asus\source\repos\proyectofinal_labcg02\proyectofinal\proyectofinal\x64\debug\proyectofinal.tlog\link-rc.write.1.tlog
c:\users\asus\source\repos\proyectofinal_labcg02\proyectofinal\proyectofinal\x64\debug\proyectofinal.tlog\link.command.1.tlog
c:\users\asus\source\repos\proyectofinal_labcg02\proyectofinal\proyectofinal\x64\debug\proyectofinal.tlog\link.read.1.tlog
c:\users\asus\source\repos\proyectofinal_labcg02\proyectofinal\proyectofinal\x64\debug\proyectofinal.tlog\link.read.2.tlog
c:\users\asus\source\repos\proyectofinal_labcg02\proyectofinal\proyectofinal\x64\debug\proyectofinal.tlog\link.secondary.1.tlog
c:\users\asus\source\repos\proyectofinal_labcg02\proyectofinal\proyectofinal\x64\debug\proyectofinal.tlog\link.write.1.tlog
